\BOOKMARK [0][-]{chapter.1}{\376\377\003\225\003\271\003\303\003\261\003\263\003\311\003\263\003\256}{}% 1
\BOOKMARK [1][-]{section.1.1}{\376\377\003\243\003\304\003\314\003\307\003\277\003\271\000\040\003\304\003\267\003\302\000\040\003\225\003\301\003\263\003\261\003\303\003\257\003\261\003\302}{chapter.1}% 2
\BOOKMARK [1][-]{section.1.2}{\376\377\003\224\003\277\003\274\003\256\000\040\003\304\003\267\003\302\000\040\003\225\003\301\003\263\003\261\003\303\003\257\003\261\003\302}{chapter.1}% 3
\BOOKMARK [0][-]{chapter.2}{\376\377\003\234\003\261\003\270\003\267\003\274\003\261\003\304\003\271\003\272\003\314\000\040\003\245\003\300\003\314\003\262\003\261\003\270\003\301\003\277}{}% 4
\BOOKMARK [1][-]{section.2.1}{\376\377\003\237\003\274\003\254\003\264\003\265\003\302\000\040\000\050\000G\000r\000o\000u\000p\000s\000\051}{chapter.2}% 5
\BOOKMARK [2][-]{subsection.2.1.1}{\376\377\003\232\003\305\003\272\003\273\003\271\003\272\003\255\003\302\000\040\003\237\003\274\003\254\003\264\003\265\003\302\000\040\003\272\003\261\003\271\000\040\003\223\003\265\003\275\003\275\003\256\003\304\003\277\003\301\003\265\003\302}{section.2.1}% 6
\BOOKMARK [2][-]{subsection.2.1.2}{\376\377\003\240\003\265\003\300\003\265\003\301\003\261\003\303\003\274\003\255\003\275\003\261\000\040\003\243\003\316\003\274\003\261\003\304\003\261}{section.2.1}% 7
\BOOKMARK [2][-]{subsection.2.1.3}{\376\377\003\221\003\301\003\271\003\270\003\274\003\267\003\304\003\271\003\272\003\256\000\040\000M\000o\000d\000u\000l\000o}{section.2.1}% 8
\BOOKMARK [1][-]{section.2.2}{\376\377\003\243\003\305\003\275\003\261\003\301\003\304\003\256\003\303\003\265\003\271\003\302\000\040\003\232\003\261\003\304\003\261\003\272\003\265\003\301\003\274\003\261\003\304\003\271\003\303\003\274\003\277\003\315}{chapter.2}% 9
\BOOKMARK [1][-]{section.2.3}{\376\377\003\240\003\301\003\311\003\304\003\314\003\272\003\277\003\273\003\273\003\261\000\040\003\221\003\275\003\304\003\261\003\273\003\273\003\261\003\263\003\256\003\302\000\040\003\232\003\273\003\265\003\271\003\264\003\271\003\316\003\275}{chapter.2}% 10
\BOOKMARK [2][-]{subsection.2.3.1}{\376\377\003\240\003\301\003\311\003\304\003\314\003\272\003\277\003\273\003\273\003\277\000\040\000D\000i\000f\000f\000i\000e\040\023\000H\000e\000l\000l\000m\000a\000n}{section.2.3}% 11
\BOOKMARK [2][-]{subsection.2.3.2}{\376\377\003\225\003\273\003\273\003\265\003\271\003\300\003\304\003\271\003\272\003\256\000\040\003\225\003\272\003\264\003\277\003\307\003\256\000\040\000D\000i\000f\000f\000i\000e\040\023\000H\000e\000l\000l\000m\000a\000n\000\040\000\050\000E\000C\000D\000H\000\051}{section.2.3}% 12
\BOOKMARK [2][-]{subsection.2.3.3}{\376\377\000G\000r\000o\000u\000p\000\040\000D\000i\000f\000f\000i\000e\040\023\000H\000e\000l\000l\000m\000a\000n}{section.2.3}% 13
\BOOKMARK [2][-]{subsection.2.3.4}{\376\377\000C\000o\000n\000t\000r\000i\000b\000u\000t\000o\000r\000y\000\040\000K\000e\000y\000\040\000A\000g\000r\000e\000e\000m\000e\000n\000t}{section.2.3}% 14
\BOOKMARK [2][-]{subsection.2.3.5}{\376\377\003\245\003\300\003\277\003\273\003\277\003\263\003\271\003\303\003\304\003\271\003\272\003\256\000\040\003\221\003\303\003\306\003\254\003\273\003\265\003\271\003\261\000\040\003\272\003\261\003\271\000\040\003\224\003\315\003\303\003\272\003\277\003\273\003\261\000\040\003\234\003\261\003\270\003\267\003\274\003\261\003\304\003\271\003\272\003\254\000\040\003\240\003\301\003\277\003\262\003\273\003\256\003\274\003\261\003\304\003\261}{section.2.3}% 15
\BOOKMARK [1][-]{section.2.4}{\376\377\003\232\003\301\003\305\003\300\003\304\003\277\003\263\003\301\003\261\003\306\003\257\003\261\000\040\003\225\003\273\003\273\003\265\003\271\003\300\003\304\003\271\003\272\003\316\003\275\000\040\003\232\003\261\003\274\003\300\003\305\003\273\003\316\003\275}{chapter.2}% 16
\BOOKMARK [2][-]{subsection.2.4.1}{\376\377\003\225\003\273\003\273\003\265\003\271\003\300\003\304\003\271\003\272\003\255\003\302\000\040\003\232\003\261\003\274\003\300\003\315\003\273\003\265\003\302\000\040\003\272\003\261\003\271\000\040\003\243\003\267\003\274\003\265\003\257\003\261}{section.2.4}% 17
\BOOKMARK [2][-]{subsection.2.4.2}{\376\377\003\223\003\265\003\311\003\274\003\265\003\304\003\301\003\271\003\272\003\256\000\040\003\272\003\261\003\271\000\040\003\221\003\273\003\263\003\265\003\262\003\301\003\271\003\272\003\256\000\040\003\224\003\277\003\274\003\256}{section.2.4}% 18
\BOOKMARK [2][-]{subsection.2.4.3}{\376\377\003\240\003\277\003\273\003\273\003\261\003\300\003\273\003\261\003\303\003\271\003\261\003\303\003\274\003\314\003\302\000\040\003\274\003\265\000\040\003\222\003\261\003\270\003\274\003\311\003\304\003\314\000\040\000\050\000S\000c\000a\000l\000a\000r\000\040\000M\000u\000l\000t\000i\000p\000l\000i\000c\000a\000t\000i\000o\000n\000\051}{section.2.4}% 19
\BOOKMARK [2][-]{subsection.2.4.4}{\376\377\003\221\003\303\003\306\003\254\003\273\003\265\003\271\003\261\000\040\003\304\003\267\003\302\000\040\000E\000C\000C}{section.2.4}% 20
\BOOKMARK [2][-]{subsection.2.4.5}{\376\377\003\240\003\273\003\265\003\277\003\275\003\265\003\272\003\304\003\256\003\274\003\261\003\304\003\261\000\040\003\304\003\267\003\302\000\040\003\232\003\301\003\305\003\300\003\304\003\277\003\263\003\301\003\261\003\306\003\257\003\261\003\302\000\040\003\225\003\273\003\273\003\265\003\271\003\300\003\304\003\271\003\272\003\316\003\275\000\040\003\232\003\261\003\274\003\300\003\305\003\273\003\316\003\275}{section.2.4}% 21
\BOOKMARK [1][-]{section.2.5}{\376\377\003\224\003\315\003\303\003\272\003\277\003\273\003\261\000\040\003\245\003\300\003\277\003\273\003\277\003\263\003\271\003\303\003\304\003\271\003\272\003\254\000\040\003\240\003\301\003\277\003\262\003\273\003\256\003\274\003\261\003\304\003\261}{chapter.2}% 22
\BOOKMARK [2][-]{subsection.2.5.1}{\376\377\003\240\003\301\003\314\003\262\003\273\003\267\003\274\003\261\000\040\003\224\003\271\003\261\003\272\003\301\003\271\003\304\003\277\003\315\000\040\003\233\003\277\003\263\003\261\003\301\003\257\003\270\003\274\003\277\003\305\000\040\000\050\000D\000i\000s\000c\000r\000e\000t\000e\000\040\000L\000o\000g\000a\000r\000i\000t\000h\000m\000\040\000P\000r\000o\000b\000l\000e\000m\000\051}{section.2.5}% 23
\BOOKMARK [2][-]{subsection.2.5.2}{\376\377\003\245\003\300\003\277\003\273\003\277\003\263\003\271\003\303\003\304\003\271\003\272\003\314\000\040\003\240\003\301\003\314\003\262\003\273\003\267\003\274\003\261\000\040\000D\000i\000f\000f\000i\000e\040\023\000H\000e\000l\000l\000m\000a\000n\000\040\000\050\000C\000o\000m\000p\000u\000t\000a\000t\000i\000o\000n\000a\000l\000\040\000D\000i\000f\000f\000i\000e\040\023\000H\000e\000l\000l\000m\000a\000n\000\051}{section.2.5}% 24
\BOOKMARK [2][-]{subsection.2.5.3}{\376\377\003\221\003\300\003\277\003\306\003\261\003\303\003\271\003\303\003\304\003\271\003\272\003\314\000\040\003\240\003\301\003\314\003\262\003\273\003\267\003\274\003\261\000\040\000D\000i\000f\000f\000i\000e\040\023\000H\000e\000l\000l\000m\000a\000n\000\040\000\050\000D\000e\000c\000i\000s\000i\000o\000n\000a\000l\000\040\000D\000i\000f\000f\000i\000e\040\023\000H\000e\000l\000l\000m\000a\000n\000\051}{section.2.5}% 25
\BOOKMARK [2][-]{subsection.2.5.4}{\376\377\003\224\003\271\003\263\003\301\003\261\003\274\003\274\003\271\003\272\003\314\000\040\003\240\003\301\003\314\003\262\003\273\003\267\003\274\003\261\000\040\000D\000i\000f\000f\000i\000e\040\023\000H\000e\000l\000l\000m\000a\000n\000\040\000\050\000B\000i\000l\000i\000n\000e\000a\000r\000\040\000D\000i\000f\000f\000i\000e\040\023\000H\000e\000l\000l\000m\000a\000n\000\051}{section.2.5}% 26
\BOOKMARK [2][-]{subsection.2.5.5}{\376\377\003\245\003\300\003\277\003\273\003\277\003\263\003\271\003\303\003\304\003\271\003\272\003\255\003\302\000\040\003\245\003\300\003\277\003\270\003\255\003\303\003\265\003\271\003\302\000\040\003\272\003\261\003\271\000\040\003\240\003\301\003\277\003\262\003\273\003\256\003\274\003\261\003\304\003\261\000:\000\040\003\243\003\307\003\255\003\303\003\267\000\040\000C\000D\000H\000\040\003\272\003\261\003\271\000\040\000D\000D\000H}{section.2.5}% 27
\BOOKMARK [1][-]{section.2.6}{\376\377\000P\000a\000i\000r\000i\000n\000g\000-\000B\000a\000s\000e\000d\000\040\000C\000r\000y\000p\000t\000o\000g\000r\000a\000p\000h\000y}{chapter.2}% 28
\BOOKMARK [2][-]{subsection.2.6.1}{\376\377\000B\000i\000l\000i\000n\000e\000a\000r\000\040\000P\000a\000i\000r\000i\000n\000g\000s}{section.2.6}% 29
\BOOKMARK [2][-]{subsection.2.6.2}{\376\377\003\231\003\264\003\271\003\314\003\304\003\267\003\304\003\265\003\302}{section.2.6}% 30
\BOOKMARK [2][-]{subsection.2.6.3}{\376\377\003\232\003\261\003\304\003\267\003\263\003\277\003\301\003\271\003\277\003\300\003\277\003\257\003\267\003\303\003\267\000\040\003\226\003\265\003\305\003\263\003\277\003\300\003\277\003\271\003\256\003\303\003\265\003\311\003\275}{section.2.6}% 31
\BOOKMARK [2][-]{subsection.2.6.4}{\376\377\003\244\003\315\003\300\003\277\003\271\000\040\000P\000a\000i\000r\000i\000n\000g\000s}{section.2.6}% 32
\BOOKMARK [2][-]{subsection.2.6.5}{\376\377\000W\000e\000i\000l\000\040\000P\000a\000i\000r\000i\000n\000g}{section.2.6}% 33
\BOOKMARK [2][-]{subsection.2.6.6}{\376\377\000T\000a\000t\000e\000\040\000P\000a\000i\000r\000i\000n\000g}{section.2.6}% 34
\BOOKMARK [2][-]{subsection.2.6.7}{\376\377\000A\000t\000e\000\040\000P\000a\000i\000r\000i\000n\000g}{section.2.6}% 35
\BOOKMARK [2][-]{subsection.2.6.8}{\376\377\000P\000a\000i\000r\000i\000n\000g\000-\000F\000r\000i\000e\000n\000d\000l\000y\000\040\003\232\003\261\003\274\003\300\003\315\003\273\003\265\003\302}{section.2.6}% 36
\BOOKMARK [2][-]{subsection.2.6.9}{\376\377\003\240\003\273\003\265\003\277\003\275\003\265\003\272\003\304\003\256\003\274\003\261\003\304\003\261\000\040\003\272\003\261\003\271\000\040\003\234\003\265\003\271\003\277\003\275\003\265\003\272\003\304\003\256\003\274\003\261\003\304\003\261\000\040\003\304\003\311\003\275\000\040\003\226\003\265\003\305\003\263\003\277\003\300\003\277\003\271\003\256\003\303\003\265\003\311\003\275}{section.2.6}% 37
\BOOKMARK [1][-]{section.2.7}{\376\377\000G\000r\000o\000u\000p\000\040\000K\000e\000y\000\040\000A\000g\000r\000e\000e\000m\000e\000n\000t}{chapter.2}% 38
\BOOKMARK [0][-]{chapter.3}{\376\377\003\240\003\301\003\311\003\304\003\314\003\272\003\277\003\273\003\273\003\261\000\040\003\237\003\274\003\261\003\264\003\271\003\272\003\256\003\302\000\040\003\243\003\305\003\274\003\306\003\311\003\275\003\257\003\261\003\302\000\040\003\232\003\273\003\265\003\271\003\264\003\271\003\277\003\315\000\040\000\050\000G\000r\000o\000u\000p\000\040\000K\000e\000y\000\040\000A\000g\000r\000e\000e\000m\000e\000n\000t\000\040\000P\000r\000o\000t\000o\000c\000o\000l\000s\000\051}{}% 39
\BOOKMARK [1][-]{section.3.1}{\376\377\003\225\003\271\003\303\003\261\003\263\003\311\003\263\003\256}{chapter.3}% 40
\BOOKMARK [1][-]{section.3.2}{\376\377\003\222\003\261\003\303\003\271\003\272\003\255\003\302\000\040\003\221\003\300\003\261\003\271\003\304\003\256\003\303\003\265\003\271\003\302}{chapter.3}% 41
\BOOKMARK [1][-]{section.3.3}{\376\377\003\232\003\265\003\275\003\304\003\301\003\271\003\272\003\277\003\300\003\277\003\271\003\267\003\274\003\255\003\275\003\265\003\302\000\040\003\240\003\301\003\277\003\303\003\265\003\263\003\263\003\257\003\303\003\265\003\271\003\302}{chapter.3}% 42
\BOOKMARK [1][-]{section.3.4}{\376\377\003\232\003\261\003\304\003\261\003\275\003\265\003\274\003\267\003\274\003\255\003\275\003\265\003\302\000\040\003\240\003\301\003\277\003\303\003\265\003\263\003\263\003\257\003\303\003\265\003\271\003\302}{chapter.3}% 43
\BOOKMARK [1][-]{section.3.5}{\376\377\003\224\003\265\003\275\003\264\003\301\003\277\003\265\003\271\003\264\003\265\003\257\003\302\000\040\003\240\003\301\003\277\003\303\003\265\003\263\003\263\003\257\003\303\003\265\003\271\003\302\000\040\000\050\000T\000r\000e\000e\000-\000B\000a\000s\000e\000d\000\040\000A\000p\000p\000r\000o\000a\000c\000h\000e\000s\000\051}{chapter.3}% 44
\BOOKMARK [1][-]{section.3.6}{\376\377\000P\000a\000i\000r\000i\000n\000g\000-\000B\000a\000s\000e\000d\000\040\000G\000r\000o\000u\000p\000\040\000K\000e\000y\000\040\000A\000g\000r\000e\000e\000m\000e\000n\000t}{chapter.3}% 45
\BOOKMARK [1][-]{section.3.7}{\376\377\003\243\003\315\003\263\003\272\003\301\003\271\003\303\003\267\000\040\003\240\003\301\003\277\003\303\003\265\003\263\003\263\003\257\003\303\003\265\003\311\003\275\000\040\000G\000r\000o\000u\000p\000\040\000K\000e\000y\000\040\000A\000g\000r\000e\000e\000m\000e\000n\000t}{chapter.3}% 46
\BOOKMARK [1][-]{section.3.8}{\376\377\003\224\003\305\003\275\003\261\003\274\003\271\003\272\003\256\000\040\003\243\003\305\003\274\003\274\003\265\003\304\003\277\003\307\003\256\000\040\000\050\000D\000y\000n\000a\000m\000i\000c\000\040\000M\000e\000m\000b\000e\000r\000s\000h\000i\000p\000\051}{chapter.3}% 47
\BOOKMARK [1][-]{section.3.9}{\376\377\003\234\003\267\003\307\003\261\003\275\003\271\003\303\003\274\003\277\003\257\000\040\003\225\003\300\003\261\003\275\003\261\003\272\003\273\003\265\003\271\003\264\003\316\003\274\003\261\003\304\003\277\003\302\000\040\000\050\000R\000e\000k\000e\000y\000i\000n\000g\000\040\000M\000e\000c\000h\000a\000n\000i\000s\000m\000s\000\051}{chapter.3}% 48
\BOOKMARK [1][-]{section.3.10}{\376\377\003\232\003\273\003\261\003\303\003\271\003\272\003\254\000\040\003\240\003\301\003\311\003\304\003\314\003\272\003\277\003\273\003\273\003\261\000\040\003\237\003\274\003\261\003\264\003\271\003\272\003\256\003\302\000\040\003\243\003\305\003\274\003\306\003\311\003\275\003\257\003\261\003\302\000\040\003\232\003\273\003\265\003\271\003\264\003\271\003\277\003\315}{chapter.3}% 49
\BOOKMARK [1][-]{section.3.11}{\376\377\003\225\003\300\003\271\003\270\003\255\003\303\003\265\003\271\003\302\000\040\003\303\003\265\000\040\003\240\003\301\003\311\003\304\003\314\003\272\003\277\003\273\003\273\003\261\000\040\000G\000r\000o\000u\000p\000\040\000K\000e\000y\000\040\000A\000g\000r\000e\000e\000m\000e\000n\000t}{chapter.3}% 50
\BOOKMARK [1][-]{section.3.12}{\376\377\003\243\003\305\003\274\003\300\003\265\003\301\003\254\003\303\003\274\003\261\003\304\003\261}{chapter.3}% 51
\BOOKMARK [0][-]{chapter.4}{\376\377\003\244\003\265\003\307\003\275\003\277\003\273\003\277\003\263\003\257\003\261\000\040\000B\000l\000o\000c\000k\000c\000h\000a\000i\000n}{}% 52
\BOOKMARK [1][-]{section.4.1}{\376\377\003\225\003\276\003\255\003\273\003\271\003\276\003\267\000\040\003\304\003\311\003\275\000\040\000B\000l\000o\000c\000k\000c\000h\000a\000i\000n}{chapter.4}% 53
\BOOKMARK [1][-]{section.4.2}{\376\377\003\224\003\267\003\274\003\314\003\303\003\271\003\261\000,\000\040\003\231\003\264\003\271\003\311\003\304\003\271\003\272\003\254\000\040\003\272\003\261\003\271\000\040\000P\000e\000r\000m\000i\000s\000s\000i\000o\000n\000e\000d\000\040\000B\000l\000o\000c\000k\000c\000h\000a\000i\000n}{chapter.4}% 54
\BOOKMARK [1][-]{section.4.3}{\376\377\003\234\003\267\003\307\003\261\003\275\003\271\003\303\003\274\003\277\003\257\000\040\003\243\003\305\003\275\003\261\003\257\003\275\003\265\003\303\003\267\003\302}{chapter.4}% 55
\BOOKMARK [1][-]{section.4.4}{\376\377\000S\000m\000a\000r\000t\000\040\000C\000o\000n\000t\000r\000a\000c\000t\000s}{chapter.4}% 56
\BOOKMARK [1][-]{section.4.5}{\376\377\000I\000d\000e\000n\000t\000i\000t\000y\000\040\000M\000a\000n\000a\000g\000e\000m\000e\000n\000t}{chapter.4}% 57
\BOOKMARK [2][-]{subsection.4.5.1}{\376\377\000P\000r\000o\000o\000f\000\040\000o\000f\000\040\000W\000o\000r\000k\000\040\000\050\000P\000o\000W\000\051}{section.4.5}% 58
\BOOKMARK [2][-]{subsection.4.5.2}{\376\377\000P\000r\000o\000o\000f\000\040\000o\000f\000\040\000S\000t\000a\000k\000e\000\040\000\050\000P\000o\000S\000\051}{section.4.5}% 59
\BOOKMARK [2][-]{subsection.4.5.3}{\376\377\000P\000r\000a\000c\000t\000i\000c\000a\000l\000\040\000B\000y\000z\000a\000n\000t\000i\000n\000e\000\040\000F\000a\000u\000l\000t\000\040\000T\000o\000l\000e\000r\000a\000n\000c\000e\000\040\000\050\000P\000B\000F\000T\000\051}{section.4.5}% 60
\BOOKMARK [2][-]{subsection.4.5.4}{\376\377\000R\000a\000f\000t}{section.4.5}% 61
\BOOKMARK [1][-]{section.4.6}{\376\377\000I\000d\000e\000n\000t\000i\000t\000y\000\040\000M\000a\000n\000a\000g\000e\000m\000e\000n\000t}{chapter.4}% 62
\BOOKMARK [1][-]{section.4.7}{\376\377\003\224\003\277\003\274\003\256\000\040\003\265\003\275\003\314\003\302\000\040\000B\000l\000o\000c\000k}{chapter.4}% 63
\BOOKMARK [1][-]{section.4.8}{\376\377\000M\000e\000r\000k\000l\000e\000\040\000T\000r\000e\000e\000s}{chapter.4}% 64
\BOOKMARK [1][-]{section.4.9}{\376\377\003\221\003\303\003\306\003\254\003\273\003\265\003\271\003\261\000\040\000B\000l\000o\000c\000k\000c\000h\000a\000i\000n}{chapter.4}% 65
\BOOKMARK [1][-]{section.4.10}{\376\377\000B\000l\000o\000c\000k\000c\000h\000a\000i\000n\000\040\003\272\003\261\003\271\000\040\003\224\003\271\003\261\003\307\003\265\003\257\003\301\003\271\003\303\003\267\000\040\003\232\003\273\003\265\003\271\003\264\003\271\003\316\003\275}{chapter.4}% 66
\BOOKMARK [0][-]{chapter.5}{\376\377\000H\000y\000p\000e\000r\000l\000e\000d\000g\000e\000r\000\040\000F\000a\000b\000r\000i\000c}{}% 67
\BOOKMARK [1][-]{section.5.1}{\376\377\003\225\003\271\003\303\003\261\003\263\003\311\003\263\003\256}{chapter.5}% 68
\BOOKMARK [1][-]{section.5.2}{\376\377\003\221\003\301\003\307\003\271\003\304\003\265\003\272\003\304\003\277\003\275\003\271\003\272\003\256\000\040\000H\000y\000p\000e\000r\000l\000e\000d\000g\000e\000r\000\040\000F\000a\000b\000r\000i\000c}{chapter.5}% 69
\BOOKMARK [1][-]{section.5.3}{\376\377\003\243\003\305\003\303\003\304\003\261\003\304\003\271\003\272\003\254\000\040\003\304\003\277\003\305\000\040\000F\000a\000b\000r\000i\000c}{chapter.5}% 70
\BOOKMARK [2][-]{subsection.5.3.1}{\376\377\000P\000e\000e\000r\000s}{section.5.3}% 71
\BOOKMARK [2][-]{subsection.5.3.2}{\376\377\000O\000r\000d\000e\000r\000e\000r\000s}{section.5.3}% 72
\BOOKMARK [2][-]{subsection.5.3.3}{\376\377\000M\000S\000P\000\040\000\050\000M\000e\000m\000b\000e\000r\000s\000h\000i\000p\000\040\000S\000e\000r\000v\000i\000c\000e\000\040\000P\000r\000o\000v\000i\000d\000e\000r\000\051}{section.5.3}% 73
\BOOKMARK [2][-]{subsection.5.3.4}{\376\377\000C\000e\000r\000t\000i\000f\000i\000c\000a\000t\000e\000\040\000A\000u\000t\000h\000o\000r\000i\000t\000i\000e\000s}{section.5.3}% 74
\BOOKMARK [1][-]{section.5.4}{\376\377\000C\000h\000a\000n\000n\000e\000l\000s}{chapter.5}% 75
\BOOKMARK [1][-]{section.5.5}{\376\377\003\224\003\277\003\274\003\256\000\040\003\304\003\277\003\305\000\040\000L\000e\000d\000g\000e\000r}{chapter.5}% 76
\BOOKMARK [1][-]{section.5.6}{\376\377\000E\000n\000d\000o\000r\000s\000e\000m\000e\000n\000t\000\040\000P\000o\000l\000i\000c\000i\000e\000s}{chapter.5}% 77
\BOOKMARK [1][-]{section.5.7}{\376\377\000C\000h\000a\000i\000n\000c\000o\000d\000e}{chapter.5}% 78
\BOOKMARK [1][-]{section.5.8}{\376\377\000P\000r\000i\000v\000a\000t\000e\000\040\000D\000a\000t\000a\000\040\000C\000o\000l\000l\000e\000c\000t\000i\000o\000n\000s}{chapter.5}% 79
\BOOKMARK [1][-]{section.5.9}{\376\377\003\234\003\277\003\275\003\304\003\255\003\273\003\277\000\040\003\221\003\303\003\306\003\254\003\273\003\265\003\271\003\261\003\302\000\040\003\304\003\277\003\305\000\040\000F\000a\000b\000r\000i\000c}{chapter.5}% 80
\BOOKMARK [0][-]{chapter.6}{\376\377\003\206\003\301\003\270\003\301\003\277\000\040\003\245\003\273\003\277\003\300\003\277\003\257\003\267\003\303\003\267\003\302}{}% 81
\BOOKMARK [1][-]{section.6.1}{\376\377\003\234\003\277\003\275\003\304\003\255\003\273\003\277\000\040\003\243\003\305\003\303\003\304\003\256\003\274\003\261\003\304\003\277\003\302}{chapter.6}% 82
\BOOKMARK [1][-]{section.6.2}{\376\377\003\232\003\301\003\305\003\300\003\304\003\277\003\263\003\301\003\261\003\306\003\271\003\272\003\256\000\040\003\221\003\301\003\307\003\271\003\272\003\277\003\300\003\277\003\257\003\267\003\303\003\267}{chapter.6}% 83
\BOOKMARK [1][-]{section.6.3}{\376\377\003\224\003\267\003\274\003\271\003\277\003\305\003\301\003\263\003\257\003\261\000\040\003\272\003\261\003\271\000\040\003\224\003\271\003\261\003\307\003\265\003\257\003\301\003\271\003\303\003\267\000\040\003\232\003\273\003\265\003\271\003\264\003\271\003\316\003\275}{chapter.6}% 84
\BOOKMARK [1][-]{section.6.4}{\376\377\003\240\003\301\003\311\003\304\003\314\003\272\003\277\003\273\003\273\003\277\000\040\003\243\003\305\003\274\003\306\003\311\003\275\003\257\003\261\003\302\000\040\003\237\003\274\003\261\003\264\003\271\003\272\003\277\003\315\000\040\003\232\003\273\003\265\003\271\003\264\003\271\003\277\003\315}{chapter.6}% 85
\BOOKMARK [2][-]{subsection.6.4.1}{\376\377\003\240\003\261\003\301\003\261\003\263\003\311\003\263\003\256\000\040\003\244\003\305\003\307\003\261\003\257\003\311\003\275\000\040\003\244\003\271\003\274\003\316\003\275}{section.6.4}% 86
\BOOKMARK [2][-]{subsection.6.4.2}{\376\377\003\245\003\300\003\277\003\273\003\277\003\263\003\271\003\303\003\274\003\314\003\302\000\040\003\224\003\267\003\274\003\314\003\303\003\271\003\311\003\275\000\040\003\243\003\305\003\275\003\265\003\271\003\303\003\306\003\277\003\301\003\316\003\275}{section.6.4}% 87
\BOOKMARK [2][-]{subsection.6.4.3}{\376\377\003\224\003\267\003\274\003\271\003\277\003\305\003\301\003\263\003\257\003\261\000\040\003\232\003\301\003\305\003\300\003\304\003\277\003\263\003\301\003\261\003\306\003\271\003\272\003\256\003\302\000\040\003\224\003\255\003\303\003\274\003\265\003\305\003\303\003\267\003\302}{section.6.4}% 88
\BOOKMARK [2][-]{subsection.6.4.4}{\376\377\003\224\003\267\003\274\003\271\003\277\003\305\003\301\003\263\003\257\003\261\000\040\003\250\003\267\003\306\003\271\003\261\003\272\003\256\003\302\000\040\003\245\003\300\003\277\003\263\003\301\003\261\003\306\003\256\003\302}{section.6.4}% 89
\BOOKMARK [2][-]{subsection.6.4.5}{\376\377\003\221\003\275\003\304\003\261\003\273\003\273\003\261\003\263\003\256\000\040\003\234\003\267\003\275\003\305\003\274\003\254\003\304\003\311\003\275}{section.6.4}% 90
\BOOKMARK [1][-]{section.6.5}{\376\377\003\225\003\300\003\261\003\273\003\256\003\270\003\265\003\305\003\303\003\267\000\040\003\234\003\267\003\275\003\305\003\274\003\254\003\304\003\311\003\275}{chapter.6}% 91
\BOOKMARK [1][-]{section.6.6}{\376\377\003\240\003\261\003\301\003\261\003\263\003\311\003\263\003\256\000\040\003\237\003\274\003\261\003\264\003\271\003\272\003\277\003\315\000\040\003\232\003\273\003\265\003\271\003\264\003\271\003\277\003\315}{chapter.6}% 92
\BOOKMARK [2][-]{subsection.6.6.1}{\376\377\003\240\003\261\003\301\003\261\003\263\003\311\003\263\003\256\000\040\003\304\003\311\003\275\000\040\003\244\003\271\003\274\003\316\003\275\000\040\000f\000i}{section.6.6}% 93
\BOOKMARK [2][-]{subsection.6.6.2}{\376\377\003\245\003\300\003\277\003\273\003\277\003\263\003\271\003\303\003\274\003\314\003\302\000\040\003\304\003\267\003\302\000\040\003\240\003\261\003\301\003\261\003\274\003\255\003\304\003\301\003\277\003\305\000\040}{section.6.6}% 94
\BOOKMARK [2][-]{subsection.6.6.3}{\376\377\003\244\003\277\003\300\003\271\003\272\003\314\003\302\000\040\003\245\003\300\003\277\003\273\003\277\003\263\003\271\003\303\003\274\003\314\003\302\000\040\003\304\003\267\003\302\000\040\003\240\003\261\003\301\003\261\003\274\003\255\003\304\003\301\003\277\003\305\000\040\000i}{section.6.6}% 95
\BOOKMARK [2][-]{subsection.6.6.4}{\376\377\003\245\003\300\003\277\003\273\003\277\003\263\003\271\003\303\003\274\003\314\003\302\000\040\003\304\003\277\003\305\000\040\003\244\003\265\003\273\003\271\003\272\003\277\003\315\000\040\003\237\003\274\003\261\003\264\003\271\003\272\003\277\003\315\000\040\003\232\003\273\003\265\003\271\003\264\003\271\003\277\003\315}{section.6.6}% 96
\BOOKMARK [2][-]{subsection.6.6.5}{\376\377\003\221\003\305\003\304\003\277\003\300\003\271\003\303\003\304\003\277\003\300\003\277\003\257\003\267\003\303\003\267\000\040\003\304\003\277\003\305\000\040\003\232\003\273\003\265\003\271\003\264\003\271\003\277\003\315}{section.6.6}% 97
\BOOKMARK [1][-]{section.6.7}{\376\377\003\225\003\275\003\303\003\311\003\274\003\254\003\304\003\311\003\303\003\267\000\040\000B\000l\000o\000c\000k\000c\000h\000a\000i\000n}{chapter.6}% 98
\BOOKMARK [2][-]{subsection.6.7.1}{\376\377\003\232\003\261\003\304\003\261\003\263\003\301\003\261\003\306\003\256\000\040\003\224\003\267\003\274\003\277\003\303\003\257\003\311\003\275\000\040\003\240\003\261\003\301\003\261\003\274\003\255\003\304\003\301\003\311\003\275}{section.6.7}% 99
\BOOKMARK [2][-]{subsection.6.7.2}{\376\377\003\232\003\261\003\304\003\261\003\263\003\301\003\261\003\306\003\256\000\040\003\224\003\267\003\274\003\277\003\303\003\257\003\311\003\275\000\040\003\243\003\305\003\275\003\265\003\271\003\303\003\306\003\277\003\301\003\316\003\275}{section.6.7}% 100
\BOOKMARK [2][-]{subsection.6.7.3}{\376\377\003\232\003\261\003\304\003\261\003\263\003\301\003\261\003\306\003\256\000\040\003\245\003\300\003\277\003\263\003\301\003\261\003\306\003\316\003\275}{section.6.7}% 101
\BOOKMARK [2][-]{subsection.6.7.4}{\376\377\003\247\003\301\003\256\003\303\003\267\000\040\000C\000h\000a\000i\000n\000c\000o\000d\000e}{section.6.7}% 102
\BOOKMARK [2][-]{subsection.6.7.5}{\376\377\003\241\003\314\003\273\003\277\003\302\000\040\003\304\003\311\003\275\000\040\000P\000e\000e\000r\000s}{section.6.7}% 103
\BOOKMARK [2][-]{subsection.6.7.6}{\376\377\003\241\003\314\003\273\003\277\003\302\000\040\003\304\003\311\003\275\000\040\000O\000r\000d\000e\000r\000e\000r\000s}{section.6.7}% 104
\BOOKMARK [2][-]{subsection.6.7.7}{\376\377\003\231\003\307\003\275\003\267\003\273\003\261\003\303\003\271\003\274\003\314\003\304\003\267\003\304\003\261\000\040\003\272\003\261\003\271\000\040\003\234\003\267\000\040\003\221\003\300\003\277\003\300\003\277\003\257\003\267\003\303\003\267\000\040\003\225\003\305\003\270\003\315\003\275\003\267\003\302}{section.6.7}% 105
\BOOKMARK [2][-]{subsection.6.7.8}{\376\377\003\240\003\273\003\265\003\277\003\275\003\265\003\272\003\304\003\256\003\274\003\261\003\304\003\261\000\040\003\304\003\267\003\302\000\040\003\225\003\275\003\303\003\311\003\274\003\254\003\304\003\311\003\303\003\267\003\302\000\040\000B\000l\000o\000c\000k\000c\000h\000a\000i\000n}{section.6.7}% 106
\BOOKMARK [1][-]{section.6.8}{\376\377\003\221\003\275\003\254\003\273\003\305\003\303\003\267\000\040\003\237\003\301\003\270\003\314\003\304\003\267\003\304\003\261\003\302}{chapter.6}% 107
\BOOKMARK [1][-]{section.6.9}{\376\377\003\221\003\275\003\254\003\273\003\305\003\303\003\267\000\040\003\221\003\303\003\306\003\254\003\273\003\265\003\271\003\261\003\302}{chapter.6}% 108
\BOOKMARK [2][-]{subsection.6.9.1}{\376\377\003\221\003\305\003\270\003\265\003\275\003\304\003\271\003\272\003\277\003\300\003\277\003\257\003\267\003\303\003\267\000\040\003\243\003\305\003\274\003\274\003\265\003\304\003\265\003\307\003\314\003\275\003\304\003\311\003\275}{section.6.9}% 109
\BOOKMARK [2][-]{subsection.6.9.2}{\376\377\003\221\003\272\003\265\003\301\003\261\003\271\003\314\003\304\003\267\003\304\003\261\000\040\003\224\003\265\003\264\003\277\003\274\003\255\003\275\003\311\003\275}{section.6.9}% 110
\BOOKMARK [2][-]{subsection.6.9.3}{\376\377\000F\000o\000r\000w\000a\000r\000d\000\040\000S\000e\000c\000r\000e\000c\000y}{section.6.9}% 111
\BOOKMARK [2][-]{subsection.6.9.4}{\376\377\000B\000a\000c\000k\000w\000a\000r\000d\000\040\000S\000e\000c\000r\000e\000c\000y}{section.6.9}% 112
\BOOKMARK [2][-]{subsection.6.9.5}{\376\377\000K\000e\000y\000\040\000I\000n\000d\000e\000p\000e\000n\000d\000e\000n\000c\000e}{section.6.9}% 113
\BOOKMARK [2][-]{subsection.6.9.6}{\376\377\003\221\003\275\003\270\003\265\003\272\003\304\003\271\003\272\003\314\003\304\003\267\003\304\003\261\000\040\003\303\003\265\000\040\000R\000e\000p\000l\000a\000y\000\040\000A\000t\000t\000a\000c\000k\000s}{section.6.9}% 114
\BOOKMARK [2][-]{subsection.6.9.7}{\376\377\003\221\003\275\003\270\003\265\003\272\003\304\003\271\003\272\003\314\003\304\003\267\003\304\003\261\000\040\003\303\003\265\000\040\000M\000a\000n\000-\000i\000n\000-\000t\000h\000e\000-\000M\000i\000d\000d\000l\000e\000\040\003\225\003\300\003\271\003\270\003\255\003\303\003\265\003\271\003\302}{section.6.9}% 115
\BOOKMARK [2][-]{subsection.6.9.8}{\376\377\003\221\003\275\003\270\003\265\003\272\003\304\003\271\003\272\003\314\003\304\003\267\003\304\003\261\000\040\003\303\003\265\000\040\003\225\003\300\003\271\003\270\003\255\003\303\003\265\003\271\003\302\000\040\003\243\003\305\003\275\003\311\003\274\003\277\003\303\003\257\003\261\003\302}{section.6.9}% 116
\BOOKMARK [2][-]{subsection.6.9.9}{\376\377\003\221\003\272\003\265\003\301\003\261\003\271\003\314\003\304\003\267\003\304\003\261\000\040\003\304\003\277\003\305\000\040\000B\000l\000o\000c\000k\000c\000h\000a\000i\000n}{section.6.9}% 117
\BOOKMARK [2][-]{subsection.6.9.10}{\376\377\003\243\003\307\003\255\003\303\003\267\000\040\003\274\003\265\000\040\003\304\003\267\003\275\000\040\003\245\003\300\003\314\003\270\003\265\003\303\003\267\000\040\000B\000i\000l\000i\000n\000e\000a\000r\000\040\000D\000i\000f\000f\000i\000e\040\023\000H\000e\000l\000l\000m\000a\000n}{section.6.9}% 118
\BOOKMARK [0][-]{chapter.7}{\376\377\003\244\003\265\003\307\003\275\003\277\003\273\003\277\003\263\003\257\003\265\003\302\000\040\003\245\003\273\003\277\003\300\003\277\003\257\003\267\003\303\003\267\003\302}{}% 119
\BOOKMARK [1][-]{section.7.1}{\376\377\000S\000p\000r\000i\000n\000g\000\040\000B\000o\000o\000t}{chapter.7}% 120
\BOOKMARK [1][-]{section.7.2}{\376\377\000R\000E\000S\000T\000f\000u\000l\000\040\000W\000e\000b\000\040\000S\000e\000r\000v\000i\000c\000e\000s}{chapter.7}% 121
\BOOKMARK [1][-]{section.7.3}{\376\377\000A\000p\000a\000c\000h\000e\000\040\000A\000c\000t\000i\000v\000e\000M\000Q\000\040\000A\000r\000t\000e\000m\000i\000s}{chapter.7}% 122
\BOOKMARK [1][-]{section.7.4}{\376\377\000J\000a\000v\000a\000\040\000M\000e\000s\000s\000a\000g\000e\000\040\000S\000e\000r\000v\000i\000c\000e\000\040\000\050\000J\000M\000S\000\051}{chapter.7}% 123
\BOOKMARK [1][-]{section.7.5}{\376\377\000D\000o\000c\000k\000e\000r}{chapter.7}% 124
\BOOKMARK [1][-]{section.7.6}{\376\377\000J\000P\000B\000C\000\040\000L\000i\000b\000r\000a\000r\000y}{chapter.7}% 125
\BOOKMARK [0][-]{chapter.8}{\376\377\003\243\003\307\003\265\003\264\003\271\003\261\003\303\003\274\003\314\003\302\000\040\003\225\003\306\003\261\003\301\003\274\003\277\003\263\003\256\003\302}{}% 126
\BOOKMARK [1][-]{section.8.1}{\376\377\000H\000y\000p\000e\000r\000l\000e\000d\000g\000e\000r\000\040\000F\000a\000b\000r\000i\000c\000\040\000N\000e\000t\000w\000o\000r\000k}{chapter.8}% 127
\BOOKMARK [1][-]{section.8.2}{\376\377\000O\000r\000g\000a\000n\000i\000z\000a\000t\000i\000o\000n\000s}{chapter.8}% 128
\BOOKMARK [1][-]{section.8.3}{\376\377\003\241\003\277\003\256\000\040\003\225\003\272\003\304\003\255\003\273\003\265\003\303\003\267\003\302\000\040\003\304\003\277\003\305\000\040\003\240\003\301\003\311\003\304\003\277\003\272\003\314\003\273\003\273\003\277\003\305}{chapter.8}% 129
\BOOKMARK [2][-]{subsection.8.3.1}{\376\377\003\244\003\315\003\300\003\277\003\271\000\040\003\234\003\267\003\275\003\305\003\274\003\254\003\304\003\311\003\275}{section.8.3}% 130
\BOOKMARK [2][-]{subsection.8.3.2}{\376\377\003\246\003\254\003\303\003\267\000\040\003\225\003\272\003\272\003\257\003\275\003\267\003\303\003\267\003\302\000\040\000\050\000S\000T\000A\000R\000T\000\051}{section.8.3}% 131
\BOOKMARK [2][-]{subsection.8.3.3}{\376\377\003\246\003\254\003\303\003\267\000\040\003\232\003\261\003\270\003\277\003\301\003\271\003\303\003\274\003\277\003\315\000\040\003\243\003\305\003\274\003\274\003\265\003\304\003\265\003\307\003\314\003\275\003\304\003\311\003\275}{section.8.3}% 132
\BOOKMARK [2][-]{subsection.8.3.4}{\376\377\003\246\003\254\003\303\003\267\000\040\003\221\003\275\003\304\003\261\003\273\003\273\003\261\003\263\003\256\003\302\000\040\003\224\003\267\003\274\003\277\003\303\003\257\003\311\003\275\000\040\003\232\003\273\003\265\003\271\003\264\003\271\003\316\003\275}{section.8.3}% 133
\BOOKMARK [2][-]{subsection.8.3.5}{\376\377\003\246\003\254\003\303\003\267\000\040\003\224\003\267\003\274\003\271\003\277\003\305\003\301\003\263\003\257\003\261\003\302\000\040\000B\000l\000o\000c\000k\000s}{section.8.3}% 134
\BOOKMARK [2][-]{subsection.8.3.6}{\376\377\003\246\003\254\003\303\003\267\000\040\003\245\003\300\003\277\003\273\003\277\003\263\003\271\003\303\003\274\003\277\003\315\000\040\000G\000r\000o\000u\000p\000\040\000K\000e\000y}{section.8.3}% 135
\BOOKMARK [2][-]{subsection.8.3.7}{\376\377\003\245\003\300\003\277\003\273\003\277\003\263\003\271\003\303\003\274\003\314\003\302\000\040\003\304\003\277\003\305\000\040\003\244\003\265\003\273\003\271\003\272\003\277\003\315\000\040\003\232\003\273\003\265\003\271\003\264\003\271\003\277\003\315}{section.8.3}% 136
\BOOKMARK [2][-]{subsection.8.3.8}{\376\377\003\246\003\254\003\303\003\267\000\040\003\244\003\265\003\273\003\271\003\272\003\256\003\302\000\040\003\225\003\300\003\261\003\273\003\256\003\270\003\265\003\305\003\303\003\267\003\302}{section.8.3}% 137
\BOOKMARK [2][-]{subsection.8.3.9}{\376\377\003\245\003\273\003\277\003\300\003\277\003\257\003\267\003\303\003\267\000\040\000C\000h\000a\000i\000n\000c\000o\000d\000e}{section.8.3}% 138
\BOOKMARK [1][-]{section.8.4}{\376\377\000R\000e\000p\000o\000s\000i\000t\000o\000r\000y\000\040\000L\000a\000y\000e\000r}{chapter.8}% 139
\BOOKMARK [1][-]{section.8.5}{\376\377\000S\000e\000r\000v\000i\000c\000e\000\040\000L\000a\000y\000e\000r}{chapter.8}% 140
\BOOKMARK [1][-]{section.8.6}{\376\377\003\221\003\301\003\307\003\271\003\272\003\277\003\300\003\277\003\257\003\267\003\303\003\267\000\040\000P\000a\000i\000r\000i\000n\000g\000s}{chapter.8}% 141
\BOOKMARK [2][-]{subsection.8.6.1}{\376\377\003\245\003\273\003\277\003\300\003\277\003\257\003\267\003\303\003\267\000\040\000B\000L\000S\000\040\003\245\003\300\003\277\003\263\003\301\003\261\003\306\003\316\003\275}{section.8.6}% 142
\BOOKMARK [0][-]{chapter.9}{\376\377\003\240\003\265\003\271\003\301\003\254\003\274\003\261\003\304\003\261\000\040\003\272\003\261\003\271\000\040\003\234\003\265\003\304\003\301\003\256\003\303\003\265\003\271\003\302}{}% 143
\BOOKMARK [1][-]{section.9.1}{\376\377\003\240\003\265\003\301\003\271\003\262\003\254\003\273\003\273\003\277\003\275\000\040\003\240\003\265\003\271\003\301\003\261\003\274\003\254\003\304\003\311\003\275}{chapter.9}% 144
\BOOKMARK [1][-]{section.9.2}{\376\377\003\234\003\265\003\270\003\277\003\264\003\277\003\273\003\277\003\263\003\257\003\261\000\040\003\234\003\265\003\304\003\301\003\256\003\303\003\265\003\311\003\275}{chapter.9}% 145
\BOOKMARK [1][-]{section.9.3}{\376\377\003\225\003\300\003\265\003\272\003\304\003\261\003\303\003\271\003\274\003\314\003\304\003\267\003\304\003\261\000\040\003\300\003\301\003\311\003\304\003\277\003\272\003\314\003\273\003\273\003\277\003\305}{chapter.9}% 146
\BOOKMARK [1][-]{section.9.4}{\376\377\003\225\003\300\003\271\003\272\003\277\003\271\003\275\003\311\003\275\003\271\003\261\003\272\003\314\000\040\003\272\003\314\003\303\003\304\003\277\003\302}{chapter.9}% 147
\BOOKMARK [1][-]{section.9.5}{\376\377\003\243\003\305\003\274\003\300\003\265\003\301\003\254\003\303\003\274\003\261\003\304\003\261}{chapter.9}% 148
\BOOKMARK [0][-]{chapter.10}{\376\377\003\240\003\267\003\263\003\261\003\257\003\277\003\302\000\040\003\232\003\316\003\264\003\271\003\272\003\261\003\302}{}% 149
\BOOKMARK [0][-]{chapter.11}{\376\377\003\222\003\271\003\262\003\273\003\271\003\277\003\263\003\301\003\261\003\306\003\257\003\261}{}% 150
